{"level":"info","message":"Database Connected Successfully","timestamp":"14-08-2026 00:10:36","correlationId":"unknown-error-while-creating-correlation-id","data":{}}
{"level":"info","message":"Server is running on PORT: 3000","timestamp":"14-08-2026 00:10:36","correlationId":"unknown-error-while-creating-correlation-id","data":{}}
{"level":"info","message":"Database Connected Successfully","timestamp":"14-08-2026 00:15:22","correlationId":"unknown-error-while-creating-correlation-id","data":{}}
{"level":"info","message":"Server is running on PORT: 3000","timestamp":"14-08-2026 00:15:22","correlationId":"unknown-error-while-creating-correlation-id","data":{}}
{"level":"info","message":"Database Connected Successfully","timestamp":"14-08-2026 00:16:22","correlationId":"unknown-error-while-creating-correlation-id","data":{}}
{"level":"info","message":"Server is running on PORT: 3000","timestamp":"14-08-2026 00:16:22","correlationId":"unknown-error-while-creating-correlation-id","data":{}}
{"level":"info","message":"Database Connected Successfully","timestamp":"14-08-2026 00:20:27","correlationId":"unknown-error-while-creating-correlation-id","data":{}}
{"level":"info","message":"Server is running on PORT: 3000","timestamp":"14-08-2026 00:20:27","correlationId":"unknown-error-while-creating-correlation-id","data":{}}
{"level":"info","message":"Database Connected Successfully","timestamp":"14-08-2026 00:20:39","correlationId":"unknown-error-while-creating-correlation-id","data":{}}
{"level":"info","message":"Server is running on PORT: 3000","timestamp":"14-08-2026 00:20:39","correlationId":"unknown-error-while-creating-correlation-id","data":{}}
{"level":"info","message":"Database Connected Successfully","timestamp":"14-08-2026 00:21:27","correlationId":"unknown-error-while-creating-correlation-id","data":{}}
{"level":"info","message":"Server is running on PORT: 3000","timestamp":"14-08-2026 00:21:27","correlationId":"unknown-error-while-creating-correlation-id","data":{}}
{"level":"info","message":"Database Connected Successfully","timestamp":"14-08-2026 00:21:38","correlationId":"unknown-error-while-creating-correlation-id","data":{}}
{"level":"info","message":"Server is running on PORT: 3000","timestamp":"14-08-2026 00:21:38","correlationId":"unknown-error-while-creating-correlation-id","data":{}}
{"level":"info","message":"Database Connected Successfully","timestamp":"14-08-2026 00:22:58","correlationId":"unknown-error-while-creating-correlation-id","data":{}}
{"level":"info","message":"Server is running on PORT: 3000","timestamp":"14-08-2026 00:22:58","correlationId":"unknown-error-while-creating-correlation-id","data":{}}
{"level":"info","message":"Database Connected Successfully","timestamp":"14-08-2026 00:23:06","correlationId":"unknown-error-while-creating-correlation-id","data":{}}
{"level":"info","message":"Server is running on PORT: 3000","timestamp":"14-08-2026 00:23:06","correlationId":"unknown-error-while-creating-correlation-id","data":{}}
{"level":"info","message":"Database Connected Successfully","timestamp":"14-08-2026 00:23:33","correlationId":"unknown-error-while-creating-correlation-id","data":{}}
{"level":"info","message":"Server is running on PORT: 3000","timestamp":"14-08-2026 00:23:33","correlationId":"unknown-error-while-creating-correlation-id","data":{}}
{"level":"info","message":"Database Connected Successfully","timestamp":"14-08-2026 00:55:57","correlationId":"unknown-error-while-creating-correlation-id","data":{}}
{"level":"info","message":"Server is running on PORT: 3000","timestamp":"14-08-2026 00:55:57","correlationId":"unknown-error-while-creating-correlation-id","data":{}}
{"level":"info","message":"Database Connected Successfully","timestamp":"14-08-2026 11:53:06","correlationId":"unknown-error-while-creating-correlation-id","data":{}}
{"level":"info","message":"Server is running on PORT: 3000","timestamp":"14-08-2026 11:53:06","correlationId":"unknown-error-while-creating-correlation-id","data":{}}
{"level":"info","message":"Database Connected Successfully","timestamp":"14-08-2026 12:03:37","correlationId":"unknown-error-while-creating-correlation-id","data":{}}
{"level":"info","message":"Server is running on PORT: 3000","timestamp":"14-08-2026 12:03:37","correlationId":"unknown-error-while-creating-correlation-id","data":{}}
{"level":"info","message":"Database Connected Successfully","timestamp":"14-08-2026 12:08:48","correlationId":"unknown-error-while-creating-correlation-id","data":{}}
{"level":"info","message":"Server is running on PORT: 3000","timestamp":"14-08-2026 12:08:48","correlationId":"unknown-error-while-creating-correlation-id","data":{}}
{"level":"info","message":"Database Connected Successfully","timestamp":"14-08-2026 12:12:46","correlationId":"unknown-error-while-creating-correlation-id","data":{}}
{"level":"info","message":"Server is running on PORT: 3000","timestamp":"14-08-2026 12:12:46","correlationId":"unknown-error-while-creating-correlation-id","data":{}}
{"level":"info","message":"Database Connected Successfully","timestamp":"14-08-2026 12:14:02","correlationId":"unknown-error-while-creating-correlation-id","data":{}}
{"level":"info","message":"Server is running on PORT: 3000","timestamp":"14-08-2026 12:14:02","correlationId":"unknown-error-while-creating-correlation-id","data":{}}
{"level":"info","message":"Database Connected Successfully","timestamp":"14-08-2026 12:14:15","correlationId":"unknown-error-while-creating-correlation-id","data":{}}
{"level":"info","message":"Server is running on PORT: 3000","timestamp":"14-08-2026 12:14:15","correlationId":"unknown-error-while-creating-correlation-id","data":{}}
{"level":"info","message":"Database Connected Successfully","timestamp":"14-08-2026 12:18:02","correlationId":"unknown-error-while-creating-correlation-id","data":{}}
{"level":"info","message":"Server is running on PORT: 3000","timestamp":"14-08-2026 12:18:02","correlationId":"unknown-error-while-creating-correlation-id","data":{}}
{"level":"info","message":"Database Connected Successfully","timestamp":"14-08-2026 12:19:03","correlationId":"unknown-error-while-creating-correlation-id","data":{}}
{"level":"info","message":"Server is running on PORT: 3000","timestamp":"14-08-2026 12:19:03","correlationId":"unknown-error-while-creating-correlation-id","data":{}}
{"level":"info","message":"Database Connected Successfully","timestamp":"14-08-2026 12:19:25","correlationId":"unknown-error-while-creating-correlation-id","data":{}}
{"level":"info","message":"Server is running on PORT: 3000","timestamp":"14-08-2026 12:19:25","correlationId":"unknown-error-while-creating-correlation-id","data":{}}
{"level":"info","message":"Database Connected Successfully","timestamp":"14-08-2026 12:34:48","correlationId":"unknown-error-while-creating-correlation-id","data":{}}
{"level":"info","message":"Server is running on PORT: 3000","timestamp":"14-08-2026 12:34:48","correlationId":"unknown-error-while-creating-correlation-id","data":{}}
{"level":"info","message":"Database Connected Successfully","timestamp":"14-08-2026 13:10:48","correlationId":"unknown-error-while-creating-correlation-id","data":{}}
{"level":"info","message":"Server is running on PORT: 3000","timestamp":"14-08-2026 13:10:48","correlationId":"unknown-error-while-creating-correlation-id","data":{}}
{"level":"info","message":"Database Connected Successfully","timestamp":"14-08-2026 13:25:51","correlationId":"unknown-error-while-creating-correlation-id","data":{}}
{"level":"info","message":"Server is running on PORT: 3000","timestamp":"14-08-2026 13:25:51","correlationId":"unknown-error-while-creating-correlation-id","data":{}}
{"level":"info","message":"Database Connected Successfully","timestamp":"14-08-2026 13:25:53","correlationId":"unknown-error-while-creating-correlation-id","data":{}}
{"level":"info","message":"Server is running on PORT: 3000","timestamp":"14-08-2026 13:25:53","correlationId":"unknown-error-while-creating-correlation-id","data":{}}
{"level":"info","message":"Database Connected Successfully","timestamp":"14-08-2026 13:26:32","correlationId":"unknown-error-while-creating-correlation-id","data":{}}
{"level":"info","message":"Server is running on PORT: 3000","timestamp":"14-08-2026 13:26:32","correlationId":"unknown-error-while-creating-correlation-id","data":{}}
{"level":"info","message":"Database Connected Successfully","timestamp":"14-08-2026 17:08:33","correlationId":"unknown-error-while-creating-correlation-id","data":{}}
{"level":"info","message":"Server is running on PORT: 3000","timestamp":"14-08-2026 17:08:33","correlationId":"unknown-error-while-creating-correlation-id","data":{}}
{"level":"info","message":"Database Connected Successfully","timestamp":"14-08-2026 17:09:59","correlationId":"unknown-error-while-creating-correlation-id","data":{}}
{"level":"info","message":"Server is running on PORT: 3000","timestamp":"14-08-2026 17:09:59","correlationId":"unknown-error-while-creating-correlation-id","data":{}}
{"level":"info","message":"Database Connected Successfully","timestamp":"14-08-2026 17:11:32","correlationId":"unknown-error-while-creating-correlation-id","data":{}}
{"level":"info","message":"Server is running on PORT: 3000","timestamp":"14-08-2026 17:11:32","correlationId":"unknown-error-while-creating-correlation-id","data":{}}
{"level":"info","message":"Database Connected Successfully","timestamp":"14-08-2026 17:11:34","correlationId":"unknown-error-while-creating-correlation-id","data":{}}
{"level":"info","message":"Server is running on PORT: 3000","timestamp":"14-08-2026 17:11:34","correlationId":"unknown-error-while-creating-correlation-id","data":{}}
{"level":"error","timestamp":"14-08-2026 17:11:38","correlationId":"774520b2-ffad-4b0f-a044-97b7feefa8a6","data":{}}
{"level":"info","message":"Database Connected Successfully","timestamp":"14-08-2026 17:12:06","correlationId":"unknown-error-while-creating-correlation-id","data":{}}
{"level":"info","message":"Server is running on PORT: 3000","timestamp":"14-08-2026 17:12:06","correlationId":"unknown-error-while-creating-correlation-id","data":{}}
{"level":"error","timestamp":"14-08-2026 17:12:08","correlationId":"4ca64142-cf5b-4c22-b3e5-a8434d8ec9e9","data":{}}
{"level":"info","message":"Database Connected Successfully","timestamp":"14-08-2026 17:12:20","correlationId":"unknown-error-while-creating-correlation-id","data":{}}
{"level":"info","message":"Server is running on PORT: 3000","timestamp":"14-08-2026 17:12:20","correlationId":"unknown-error-while-creating-correlation-id","data":{}}
{"level":"info","message":"Database Connected Successfully","timestamp":"14-08-2026 17:13:10","correlationId":"unknown-error-while-creating-correlation-id","data":{}}
{"level":"info","message":"Server is running on PORT: 3000","timestamp":"14-08-2026 17:13:10","correlationId":"unknown-error-while-creating-correlation-id","data":{}}
{"level":"info","message":"Database Connected Successfully","timestamp":"14-08-2026 17:13:15","correlationId":"unknown-error-while-creating-correlation-id","data":{}}
{"level":"info","message":"Server is running on PORT: 3000","timestamp":"14-08-2026 17:13:15","correlationId":"unknown-error-while-creating-correlation-id","data":{}}
{"level":"info","message":"Database Connected Successfully","timestamp":"14-08-2026 17:13:20","correlationId":"unknown-error-while-creating-correlation-id","data":{}}
{"level":"info","message":"Server is running on PORT: 3000","timestamp":"14-08-2026 17:13:20","correlationId":"unknown-error-while-creating-correlation-id","data":{}}
{"level":"error","timestamp":"14-08-2026 17:13:22","correlationId":"4a6a4ee9-0a9c-4400-a41b-3b9cf3b4bb20","data":{}}
{"level":"info","message":"Database Connected Successfully","timestamp":"14-08-2026 17:13:34","correlationId":"unknown-error-while-creating-correlation-id","data":{}}
{"level":"info","message":"Server is running on PORT: 3000","timestamp":"14-08-2026 17:13:34","correlationId":"unknown-error-while-creating-correlation-id","data":{}}
{"level":"info","message":"Database Connected Successfully","timestamp":"14-08-2026 17:13:51","correlationId":"unknown-error-while-creating-correlation-id","data":{}}
{"level":"info","message":"Server is running on PORT: 3000","timestamp":"14-08-2026 17:13:51","correlationId":"unknown-error-while-creating-correlation-id","data":{}}
{"level":"info","message":"Database Connected Successfully","timestamp":"14-08-2026 17:13:52","correlationId":"unknown-error-while-creating-correlation-id","data":{}}
{"level":"info","message":"Server is running on PORT: 3000","timestamp":"14-08-2026 17:13:52","correlationId":"unknown-error-while-creating-correlation-id","data":{}}
{"level":"info","message":"Database Connected Successfully","timestamp":"14-08-2026 17:13:57","correlationId":"unknown-error-while-creating-correlation-id","data":{}}
{"level":"info","message":"Server is running on PORT: 3000","timestamp":"14-08-2026 17:13:57","correlationId":"unknown-error-while-creating-correlation-id","data":{}}
{"level":"info","message":"Database Connected Successfully","timestamp":"14-08-2026 17:14:00","correlationId":"unknown-error-while-creating-correlation-id","data":{}}
{"level":"info","message":"Server is running on PORT: 3000","timestamp":"14-08-2026 17:14:00","correlationId":"unknown-error-while-creating-correlation-id","data":{}}
{"level":"error","timestamp":"14-08-2026 17:14:03","correlationId":"286446e3-979b-4a33-aeda-b30c0010cd3e","data":{}}
{"level":"info","message":"Database Connected Successfully","timestamp":"14-08-2026 17:14:16","correlationId":"unknown-error-while-creating-correlation-id","data":{}}
{"level":"info","message":"Server is running on PORT: 3000","timestamp":"14-08-2026 17:14:16","correlationId":"unknown-error-while-creating-correlation-id","data":{}}
{"level":"error","timestamp":"14-08-2026 17:14:20","correlationId":"30f54cb0-4b6d-481c-8268-c179345f884f","data":{}}
{"level":"info","message":"Database Connected Successfully","timestamp":"14-08-2026 17:14:37","correlationId":"unknown-error-while-creating-correlation-id","data":{}}
{"level":"info","message":"Server is running on PORT: 3000","timestamp":"14-08-2026 17:14:37","correlationId":"unknown-error-while-creating-correlation-id","data":{}}
{"level":"info","message":"Database Connected Successfully","timestamp":"14-08-2026 17:19:06","correlationId":"unknown-error-while-creating-correlation-id","data":{}}
{"level":"info","message":"Server is running on PORT: 3000","timestamp":"14-08-2026 17:19:06","correlationId":"unknown-error-while-creating-correlation-id","data":{}}
{"level":"info","message":"Database Connected Successfully","timestamp":"14-08-2026 17:19:10","correlationId":"unknown-error-while-creating-correlation-id","data":{}}
{"level":"info","message":"Server is running on PORT: 3000","timestamp":"14-08-2026 17:19:10","correlationId":"unknown-error-while-creating-correlation-id","data":{}}
{"level":"error","timestamp":"14-08-2026 17:19:24","correlationId":"9000d752-6d75-434f-beae-a91748555d89","data":{}}
{"level":"info","message":"Database Connected Successfully","timestamp":"14-08-2026 17:19:34","correlationId":"unknown-error-while-creating-correlation-id","data":{}}
{"level":"info","message":"Server is running on PORT: 3000","timestamp":"14-08-2026 17:19:34","correlationId":"unknown-error-while-creating-correlation-id","data":{}}
{"level":"info","message":"Database Connected Successfully","timestamp":"14-08-2026 17:19:52","correlationId":"unknown-error-while-creating-correlation-id","data":{}}
{"level":"info","message":"Server is running on PORT: 3000","timestamp":"14-08-2026 17:19:52","correlationId":"unknown-error-while-creating-correlation-id","data":{}}
{"level":"info","message":"Database Connected Successfully","timestamp":"14-08-2026 17:20:14","correlationId":"unknown-error-while-creating-correlation-id","data":{}}
{"level":"info","message":"Server is running on PORT: 3000","timestamp":"14-08-2026 17:20:14","correlationId":"unknown-error-while-creating-correlation-id","data":{}}
{"level":"error","timestamp":"14-08-2026 17:20:20","correlationId":"300bf1f3-42e1-4b3f-8ccd-5998ad4f7923","data":{}}
{"level":"info","message":"Database Connected Successfully","timestamp":"14-08-2026 17:21:03","correlationId":"unknown-error-while-creating-correlation-id","data":{}}
{"level":"info","message":"Server is running on PORT: 3000","timestamp":"14-08-2026 17:21:03","correlationId":"unknown-error-while-creating-correlation-id","data":{}}
{"level":"info","message":"Database Connected Successfully","timestamp":"14-08-2026 18:03:53","correlationId":"unknown-error-while-creating-correlation-id","data":{}}
{"level":"info","message":"Server is running on PORT: 3000","timestamp":"14-08-2026 18:03:53","correlationId":"unknown-error-while-creating-correlation-id","data":{}}
{"level":"info","message":"Database Connected Successfully","timestamp":"14-08-2026 18:09:39","correlationId":"unknown-error-while-creating-correlation-id","data":{}}
{"level":"info","message":"Server is running on PORT: 3000","timestamp":"14-08-2026 18:09:39","correlationId":"unknown-error-while-creating-correlation-id","data":{}}
{"level":"info","message":"Database Connected Successfully","timestamp":"14-08-2026 18:09:52","correlationId":"unknown-error-while-creating-correlation-id","data":{}}
{"level":"info","message":"Server is running on PORT: 3000","timestamp":"14-08-2026 18:09:52","correlationId":"unknown-error-while-creating-correlation-id","data":{}}
{"level":"info","message":"Database Connected Successfully","timestamp":"14-08-2026 18:12:53","correlationId":"unknown-error-while-creating-correlation-id","data":{}}
{"level":"info","message":"Server is running on PORT: 3000","timestamp":"14-08-2026 18:12:53","correlationId":"unknown-error-while-creating-correlation-id","data":{}}
{"level":"info","message":"Database Connected Successfully","timestamp":"14-08-2026 18:13:13","correlationId":"unknown-error-while-creating-correlation-id","data":{}}
{"level":"info","message":"Server is running on PORT: 3000","timestamp":"14-08-2026 18:13:13","correlationId":"unknown-error-while-creating-correlation-id","data":{}}
{"level":"info","message":"Database Connected Successfully","timestamp":"14-08-2026 18:14:19","correlationId":"unknown-error-while-creating-correlation-id","data":{}}
{"level":"info","message":"Server is running on PORT: 3000","timestamp":"14-08-2026 18:14:19","correlationId":"unknown-error-while-creating-correlation-id","data":{}}
{"level":"info","message":"Database Connected Successfully","timestamp":"14-08-2026 18:15:31","correlationId":"unknown-error-while-creating-correlation-id","data":{}}
{"level":"info","message":"Server is running on PORT: 3000","timestamp":"14-08-2026 18:15:31","correlationId":"unknown-error-while-creating-correlation-id","data":{}}
{"level":"info","message":"Database Connected Successfully","timestamp":"14-08-2026 18:16:12","correlationId":"unknown-error-while-creating-correlation-id","data":{}}
{"level":"info","message":"Server is running on PORT: 3000","timestamp":"14-08-2026 18:16:12","correlationId":"unknown-error-while-creating-correlation-id","data":{}}
{"level":"info","message":"Database Connected Successfully","timestamp":"14-08-2026 18:16:31","correlationId":"unknown-error-while-creating-correlation-id","data":{}}
{"level":"info","message":"Server is running on PORT: 3000","timestamp":"14-08-2026 18:16:31","correlationId":"unknown-error-while-creating-correlation-id","data":{}}
{"level":"info","message":"Database Connected Successfully","timestamp":"14-08-2026 18:16:42","correlationId":"unknown-error-while-creating-correlation-id","data":{}}
{"level":"info","message":"Server is running on PORT: 3000","timestamp":"14-08-2026 18:16:42","correlationId":"unknown-error-while-creating-correlation-id","data":{}}
{"level":"info","message":"Database Connected Successfully","timestamp":"14-08-2026 18:16:48","correlationId":"unknown-error-while-creating-correlation-id","data":{}}
{"level":"info","message":"Server is running on PORT: 3000","timestamp":"14-08-2026 18:16:48","correlationId":"unknown-error-while-creating-correlation-id","data":{}}
{"level":"info","message":"Database Connected Successfully","timestamp":"14-08-2026 18:58:21","correlationId":"unknown-error-while-creating-correlation-id","data":{}}
{"level":"info","message":"Server is running on PORT: 3000","timestamp":"14-08-2026 18:58:21","correlationId":"unknown-error-while-creating-correlation-id","data":{}}
